2026-07-06 16:34:32.997 DEBUG Common\PRIYoseen.cpp,110,Yoseen_InitSDK:
encoder: none, decoder: none

2026-07-06 16:34:33.007 DEBUG Common\PRIYoseen.cpp,37,_initDiscover:
Discover Broadcast2

2026-07-06 16:34:37.599 DEBUG Discover\YoseenDiscover.cpp,89,broadcastSendAll:
broadcast, fromAddr 10.25.167.84, dataSize 8, ret 0

2026-07-06 16:34:37.600 DEBUG Discover\YoseenDiscover.cpp,89,broadcastSendAll:
broadcast, fromAddr 198.18.0.1, dataSize 8, ret 0

2026-07-06 16:34:37.601 DEBUG Discover\YoseenDiscover.cpp,89,broadcastSendAll:
broadcast, fromAddr 192.168.1.1, dataSize 8, ret 0

2026-07-06 16:34:37.601 DEBUG Discover\YoseenDiscover.cpp,89,broadcastSendAll:
broadcast, fromAddr 169.254.232.55, dataSize 8, ret 0

2026-07-06 16:36:04.860 DEBUG Preview\TempPreviewInput.cpp,236,_recvFrame:
recv header error, 10053

2026-07-06 16:36:07.862 DEBUG Preview\TempPreviewInput.cpp,236,_recvFrame:
recv header error, 10060

2026-07-06 16:36:11.175 DEBUG Preview\TempPreviewInput.cpp,236,_recvFrame:
recv header error, 10060

2026-07-06 16:36:14.177 DEBUG Preview\TempPreviewInput.cpp,236,_recvFrame:
recv header error, 10060

2026-07-06 16:36:17.179 DEBUG Preview\TempPreviewInput.cpp,236,_recvFrame:
recv header error, 10060

2026-07-06 16:36:20.180 DEBUG Preview\TempPreviewInput.cpp,236,_recvFrame:
recv header error, 10060

2026-07-06 16:36:23.186 DEBUG Preview\TempPreviewInput.cpp,236,_recvFrame:
recv header error, 10060

2026-07-06 16:36:26.189 DEBUG Preview\TempPreviewInput.cpp,236,_recvFrame:
recv header error, 10060

2026-07-06 16:36:29.011 DEBUG Preview\TempPreviewInput.cpp,236,_recvFrame:
recv header error, 10053

2026-07-06 16:36:32.014 DEBUG Preview\TempPreviewInput.cpp,236,_recvFrame:
recv header error, 10060

2026-07-06 16:36:35.705 DEBUG Preview\TempPreviewInput.cpp,236,_recvFrame:
recv header error, 10060

2026-07-06 16:38:09.046 DEBUG Common\PRIYoseen.cpp,110,Yoseen_InitSDK:
encoder: none, decoder: none

2026-07-06 16:38:09.055 DEBUG Common\PRIYoseen.cpp,40,_initDiscover:
Discover Broadcast2, wsae 10048

